<html>
<body>
<pre>
<h1>µVision Build Log</h1>
<h2>Tool Versions:</h2>
IDE-Version: µVision V5.25.2.0
Copyright (C) 2018 ARM Ltd and ARM Germany GmbH. All rights reserved.
License Information: Acer Laptop, Acer, LIC=----
 
Tool Versions:
Toolchain:       MDK-Lite  Version: 5.25.2.0
Toolchain Path:  E:\Keil_v5\ARM\ARMCC\Bin
C Compiler:      Armcc.exe V5.06 update 6 (build 750)
Assembler:       Armasm.exe V5.06 update 6 (build 750)
Linker/Locator:  ArmLink.exe V5.06 update 6 (build 750)
Library Manager: ArmAr.exe V5.06 update 6 (build 750)
Hex Converter:   FromElf.exe V5.06 update 6 (build 750)
CPU DLL:         SARMCM3.DLL V5.25.2.0
Dialog DLL:      DARMSTM.DLL V1.68.0.0
Target DLL:      STLink\ST-LINKIII-KEIL_SWO.dll V3.0.1.0
Dialog DLL:      TARMSTM.DLL V1.66.0.0
 
<h2>Project:</h2>
E:\Midas\midas\Code\DoYourHandJob.uvprojx
Project File Date:  11/02/2018

<h2>Output:</h2>
*** Using Compiler 'V5.06 update 6 (build 750)', folder: 'E:\Keil_v5\ARM\ARMCC\Bin'
Build target 'Target 1'
compiling main.c...
.\HJ_library\inc\HJ_Serial.h(26): warning:  #1295-D: Deprecated declaration UART_RCC_INIT - give arg types
  void UART_RCC_INIT();
.\HJ_library\inc\HJ_Serial.h(29): warning:  #1295-D: Deprecated declaration UART_GPIO_INIT - give arg types
  void UART_GPIO_INIT();
.\HJ_library\inc\HJ_Serial.h(32): warning:  #1295-D: Deprecated declaration UART_INIT - give arg types
  void UART_INIT();
.\HJ_library\inc\HJ_Serial.h(33): warning:  #1295-D: Deprecated declaration UART_GetChar - give arg types
  uint8_t UART_GetChar();
.\HJ_library\inc\HJ.h(23): warning:  #1-D: last line of file ends without a newline
  #endif    /*HANDJOB_H*/
main.h(27): warning:  #1-D: last line of file ends without a newline
  #endif /*MAIN_H*/
main.c(285): warning:  #940-D: missing return statement at end of non-void function "NgonCai" 
  }
main.c(325): warning:  #177-D: variable "id"  was declared but never referenced
    int id,vl,i;
main.c(325): warning:  #177-D: variable "vl"  was declared but never referenced
    int id,vl,i;
main.c(327): warning:  #177-D: variable "b"  was declared but never referenced
    handjob_type b;
main.c: 10 warnings, 0 errors
linking...
Program Size: Code=4748 RO-data=268 RW-data=136 ZI-data=1672  
".\Objects\DoYourHandJob.axf" - 0 Error(s), 10 Warning(s).

<h2>Software Packages used:</h2>

Package Vendor: Keil
                http://www.keil.com/pack/Keil.STM32F1xx_DFP.2.2.0.pack
                Keil.STM32F1xx_DFP.2.2.0
                STMicroelectronics STM32F1 Series Device Support, Drivers and Examples

<h2>Collection of Component include folders:</h2>
  .\RTE\_Target_1
  E:\Keil_v5\ARM\PACK\Keil\STM32F1xx_DFP\2.2.0\Device\Include

<h2>Collection of Component Files used:</h2>
Build Time Elapsed:  00:00:01
</pre>
</body>
</html>
